// Jest Snapshot v1, https://goo.gl/fbAQLP

exports[`Test the Portal Quick Access heading exists 1`] = `
Object {
  "asFragment": [Function],
  "baseElement": <body>
    <div>
      <div
        class="quick-access"
      >
        <h2
          class="quick-access__title"
        >
          Quick Access
        </h2>
        <div
          class="quick-access__items-wrapper"
        >
          <div
            class="quick-access__item"
          >
            <div
              class="quick-access__item-content"
            >
              <a
                class="quick-access__link"
                href="/"
              />
              <div
                class="quick-access__item-icon-wrapper"
              >
                <svg
                  class="quick-access__item-icon"
                >
                  overview.svg
                </svg>
              </div>
              <span
                class="quick-access__item-value"
              >
                Add Test
              </span>
            </div>
          </div>
          <div
            class="quick-access__item"
          >
            <div
              class="quick-access__item-content"
            >
              <a
                class="quick-access__link"
                href="/"
              />
              <div
                class="quick-access__item-icon-wrapper"
              >
                <svg
                  class="quick-access__item-icon"
                >
                  coursePlanPortal.svg
                </svg>
              </div>
              <span
                class="quick-access__item-value"
              >
                All Test
              </span>
            </div>
          </div>
          <div
            class="quick-access__item"
          >
            <div
              class="quick-access__item-content"
            >
              <a
                class="quick-access__link"
                href="/"
              />
              <div
                class="quick-access__item-icon-wrapper"
              >
                <svg
                  class="quick-access__item-icon"
                >
                  examsPortal.svg
                </svg>
              </div>
              <span
                class="quick-access__item-value"
              >
                Add Group
              </span>
            </div>
          </div>
          <div
            class="quick-access__item"
          >
            <div
              class="quick-access__item-content"
            >
              <a
                class="quick-access__link"
                href="/"
              />
              <div
                class="quick-access__item-icon-wrapper"
              >
                <svg
                  class="quick-access__item-icon"
                >
                  groupsPortal.svg
                </svg>
              </div>
              <span
                class="quick-access__item-value"
              >
                All Groups
              </span>
            </div>
          </div>
          <div
            class="quick-access__item"
          >
            <div
              class="quick-access__item-content"
            >
              <a
                class="quick-access__link"
                href="/"
              />
              <div
                class="quick-access__item-icon-wrapper"
              >
                <svg
                  class="quick-access__item-icon"
                >
                  materialsPortal.svg
                </svg>
              </div>
              <span
                class="quick-access__item-value"
              >
                All Materials
              </span>
            </div>
          </div>
          <div
            class="quick-access__item"
          >
            <div
              class="quick-access__item-content"
            >
              <a
                class="quick-access__link"
                href="/"
              />
              <div
                class="quick-access__item-icon-wrapper"
              >
                <svg
                  class="quick-access__item-icon"
                >
                  membersPortal.svg
                </svg>
              </div>
              <span
                class="quick-access__item-value"
              >
                Add Member
              </span>
            </div>
          </div>
          <div
            class="quick-access__item"
          >
            <div
              class="quick-access__item-content"
            >
              <a
                class="quick-access__link"
                href="/"
              />
              <div
                class="quick-access__item-icon-wrapper"
              >
                <svg
                  class="quick-access__item-icon"
                >
                  reportsPortal.svg
                </svg>
              </div>
              <span
                class="quick-access__item-value"
              >
                Reports
              </span>
            </div>
          </div>
          <div
            class="quick-access__item"
          >
            <div
              class="quick-access__item-content"
            >
              <a
                class="quick-access__link"
                href="/"
              />
              <div
                class="quick-access__item-icon-wrapper"
              >
                <svg
                  class="quick-access__item-icon"
                >
                  todolistPortal.svg
                </svg>
              </div>
              <span
                class="quick-access__item-value"
              >
                Todolist
              </span>
            </div>
          </div>
          <div
            class="quick-access__item"
          >
            <div
              class="quick-access__item-content"
            >
              <a
                class="quick-access__link"
                href="/"
              />
              <div
                class="quick-access__item-icon-wrapper"
              >
                <svg
                  class="quick-access__item-icon"
                >
                  chatPortal.svg
                </svg>
              </div>
              <span
                class="quick-access__item-value"
              >
                Chats
              </span>
            </div>
          </div>
          <div
            class="quick-access__item"
          >
            <div
              class="quick-access__item-content"
            >
              <a
                class="quick-access__link"
                href="/"
              />
              <div
                class="quick-access__item-icon-wrapper"
              >
                <svg
                  class="quick-access__item-icon"
                >
                  settingsPortal.svg
                </svg>
              </div>
              <span
                class="quick-access__item-value"
              >
                Settings
              </span>
            </div>
          </div>
        </div>
      </div>
    </div>
  </body>,
  "container": <div>
    <div
      class="quick-access"
    >
      <h2
        class="quick-access__title"
      >
        Quick Access
      </h2>
      <div
        class="quick-access__items-wrapper"
      >
        <div
          class="quick-access__item"
        >
          <div
            class="quick-access__item-content"
          >
            <a
              class="quick-access__link"
              href="/"
            />
            <div
              class="quick-access__item-icon-wrapper"
            >
              <svg
                class="quick-access__item-icon"
              >
                overview.svg
              </svg>
            </div>
            <span
              class="quick-access__item-value"
            >
              Add Test
            </span>
          </div>
        </div>
        <div
          class="quick-access__item"
        >
          <div
            class="quick-access__item-content"
          >
            <a
              class="quick-access__link"
              href="/"
            />
            <div
              class="quick-access__item-icon-wrapper"
            >
              <svg
                class="quick-access__item-icon"
              >
                coursePlanPortal.svg
              </svg>
            </div>
            <span
              class="quick-access__item-value"
            >
              All Test
            </span>
          </div>
        </div>
        <div
          class="quick-access__item"
        >
          <div
            class="quick-access__item-content"
          >
            <a
              class="quick-access__link"
              href="/"
            />
            <div
              class="quick-access__item-icon-wrapper"
            >
              <svg
                class="quick-access__item-icon"
              >
                examsPortal.svg
              </svg>
            </div>
            <span
              class="quick-access__item-value"
            >
              Add Group
            </span>
          </div>
        </div>
        <div
          class="quick-access__item"
        >
          <div
            class="quick-access__item-content"
          >
            <a
              class="quick-access__link"
              href="/"
            />
            <div
              class="quick-access__item-icon-wrapper"
            >
              <svg
                class="quick-access__item-icon"
              >
                groupsPortal.svg
              </svg>
            </div>
            <span
              class="quick-access__item-value"
            >
              All Groups
            </span>
          </div>
        </div>
        <div
          class="quick-access__item"
        >
          <div
            class="quick-access__item-content"
          >
            <a
              class="quick-access__link"
              href="/"
            />
            <div
              class="quick-access__item-icon-wrapper"
            >
              <svg
                class="quick-access__item-icon"
              >
                materialsPortal.svg
              </svg>
            </div>
            <span
              class="quick-access__item-value"
            >
              All Materials
            </span>
          </div>
        </div>
        <div
          class="quick-access__item"
        >
          <div
            class="quick-access__item-content"
          >
            <a
              class="quick-access__link"
              href="/"
            />
            <div
              class="quick-access__item-icon-wrapper"
            >
              <svg
                class="quick-access__item-icon"
              >
                membersPortal.svg
              </svg>
            </div>
            <span
              class="quick-access__item-value"
            >
              Add Member
            </span>
          </div>
        </div>
        <div
          class="quick-access__item"
        >
          <div
            class="quick-access__item-content"
          >
            <a
              class="quick-access__link"
              href="/"
            />
            <div
              class="quick-access__item-icon-wrapper"
            >
              <svg
                class="quick-access__item-icon"
              >
                reportsPortal.svg
              </svg>
            </div>
            <span
              class="quick-access__item-value"
            >
              Reports
            </span>
          </div>
        </div>
        <div
          class="quick-access__item"
        >
          <div
            class="quick-access__item-content"
          >
            <a
              class="quick-access__link"
              href="/"
            />
            <div
              class="quick-access__item-icon-wrapper"
            >
              <svg
                class="quick-access__item-icon"
              >
                todolistPortal.svg
              </svg>
            </div>
            <span
              class="quick-access__item-value"
            >
              Todolist
            </span>
          </div>
        </div>
        <div
          class="quick-access__item"
        >
          <div
            class="quick-access__item-content"
          >
            <a
              class="quick-access__link"
              href="/"
            />
            <div
              class="quick-access__item-icon-wrapper"
            >
              <svg
                class="quick-access__item-icon"
              >
                chatPortal.svg
              </svg>
            </div>
            <span
              class="quick-access__item-value"
            >
              Chats
            </span>
          </div>
        </div>
        <div
          class="quick-access__item"
        >
          <div
            class="quick-access__item-content"
          >
            <a
              class="quick-access__link"
              href="/"
            />
            <div
              class="quick-access__item-icon-wrapper"
            >
              <svg
                class="quick-access__item-icon"
              >
                settingsPortal.svg
              </svg>
            </div>
            <span
              class="quick-access__item-value"
            >
              Settings
            </span>
          </div>
        </div>
      </div>
    </div>
  </div>,
  "debug": [Function],
  "findAllByAltText": [Function],
  "findAllByDisplayValue": [Function],
  "findAllByLabelText": [Function],
  "findAllByPlaceholderText": [Function],
  "findAllByRole": [Function],
  "findAllByTestId": [Function],
  "findAllByText": [Function],
  "findAllByTitle": [Function],
  "findByAltText": [Function],
  "findByDisplayValue": [Function],
  "findByLabelText": [Function],
  "findByPlaceholderText": [Function],
  "findByRole": [Function],
  "findByTestId": [Function],
  "findByText": [Function],
  "findByTitle": [Function],
  "getAllByAltText": [Function],
  "getAllByDisplayValue": [Function],
  "getAllByLabelText": [Function],
  "getAllByPlaceholderText": [Function],
  "getAllByRole": [Function],
  "getAllByTestId": [Function],
  "getAllByText": [Function],
  "getAllByTitle": [Function],
  "getByAltText": [Function],
  "getByDisplayValue": [Function],
  "getByLabelText": [Function],
  "getByPlaceholderText": [Function],
  "getByRole": [Function],
  "getByTestId": [Function],
  "getByText": [Function],
  "getByTitle": [Function],
  "queryAllByAltText": [Function],
  "queryAllByDisplayValue": [Function],
  "queryAllByLabelText": [Function],
  "queryAllByPlaceholderText": [Function],
  "queryAllByRole": [Function],
  "queryAllByTestId": [Function],
  "queryAllByText": [Function],
  "queryAllByTitle": [Function],
  "queryByAltText": [Function],
  "queryByDisplayValue": [Function],
  "queryByLabelText": [Function],
  "queryByPlaceholderText": [Function],
  "queryByRole": [Function],
  "queryByTestId": [Function],
  "queryByText": [Function],
  "queryByTitle": [Function],
  "rerender": [Function],
  "unmount": [Function],
}
`;
