// Jest Snapshot v1, https://goo.gl/fbAQLP

exports[`Test the Total Value heading exists 1`] = `
Object {
  "asFragment": [Function],
  "baseElement": <body>
    <div>
      <div
        class="overview__total-values-statistics-wrapper"
      >
        <div
          class="overview__total-values-statistics"
        >
          <div
            class="overview__total-values-wrapper"
          >
            <h3
              class="overview__total-values-statistics-title"
            >
              Total Tests
            </h3>
            <h4
              class="overview__total-values-statistics-value"
            >
              79
            </h4>
          </div>
          <div
            class="overview__total-icon-wrapper"
          >
            <svg
              class="overview__total-icon"
            >
              examsPortal.svg
            </svg>
          </div>
        </div>
        <div
          class="overview__total-values-statistics"
        >
          <div
            class="overview__total-values-wrapper"
          >
            <h3
              class="overview__total-values-statistics-title"
            >
              Total Courses
            </h3>
            <h4
              class="overview__total-values-statistics-value"
            >
              50
            </h4>
          </div>
          <div
            class="overview__total-icon-wrapper"
          >
            <svg
              class="overview__total-icon"
            >
              coursePlanPortal.svg
            </svg>
          </div>
        </div>
        <div
          class="overview__total-values-statistics"
        >
          <div
            class="overview__total-values-wrapper"
          >
            <h3
              class="overview__total-values-statistics-title"
            >
              Total Groups
            </h3>
            <h4
              class="overview__total-values-statistics-value"
            >
              20
            </h4>
          </div>
          <div
            class="overview__total-icon-wrapper"
          >
            <svg
              class="overview__total-icon"
            >
              groupsPortal.svg
            </svg>
          </div>
        </div>
        <div
          class="overview__total-values-statistics"
        >
          <div
            class="overview__total-values-wrapper"
          >
            <h3
              class="overview__total-values-statistics-title"
            >
              Total Students
            </h3>
            <h4
              class="overview__total-values-statistics-value"
            >
              1500
            </h4>
          </div>
          <div
            class="overview__total-icon-wrapper"
          >
            <svg
              class="overview__total-icon"
            >
              membersPortal.svg
            </svg>
          </div>
        </div>
      </div>
    </div>
  </body>,
  "container": <div>
    <div
      class="overview__total-values-statistics-wrapper"
    >
      <div
        class="overview__total-values-statistics"
      >
        <div
          class="overview__total-values-wrapper"
        >
          <h3
            class="overview__total-values-statistics-title"
          >
            Total Tests
          </h3>
          <h4
            class="overview__total-values-statistics-value"
          >
            79
          </h4>
        </div>
        <div
          class="overview__total-icon-wrapper"
        >
          <svg
            class="overview__total-icon"
          >
            examsPortal.svg
          </svg>
        </div>
      </div>
      <div
        class="overview__total-values-statistics"
      >
        <div
          class="overview__total-values-wrapper"
        >
          <h3
            class="overview__total-values-statistics-title"
          >
            Total Courses
          </h3>
          <h4
            class="overview__total-values-statistics-value"
          >
            50
          </h4>
        </div>
        <div
          class="overview__total-icon-wrapper"
        >
          <svg
            class="overview__total-icon"
          >
            coursePlanPortal.svg
          </svg>
        </div>
      </div>
      <div
        class="overview__total-values-statistics"
      >
        <div
          class="overview__total-values-wrapper"
        >
          <h3
            class="overview__total-values-statistics-title"
          >
            Total Groups
          </h3>
          <h4
            class="overview__total-values-statistics-value"
          >
            20
          </h4>
        </div>
        <div
          class="overview__total-icon-wrapper"
        >
          <svg
            class="overview__total-icon"
          >
            groupsPortal.svg
          </svg>
        </div>
      </div>
      <div
        class="overview__total-values-statistics"
      >
        <div
          class="overview__total-values-wrapper"
        >
          <h3
            class="overview__total-values-statistics-title"
          >
            Total Students
          </h3>
          <h4
            class="overview__total-values-statistics-value"
          >
            1500
          </h4>
        </div>
        <div
          class="overview__total-icon-wrapper"
        >
          <svg
            class="overview__total-icon"
          >
            membersPortal.svg
          </svg>
        </div>
      </div>
    </div>
  </div>,
  "debug": [Function],
  "findAllByAltText": [Function],
  "findAllByDisplayValue": [Function],
  "findAllByLabelText": [Function],
  "findAllByPlaceholderText": [Function],
  "findAllByRole": [Function],
  "findAllByTestId": [Function],
  "findAllByText": [Function],
  "findAllByTitle": [Function],
  "findByAltText": [Function],
  "findByDisplayValue": [Function],
  "findByLabelText": [Function],
  "findByPlaceholderText": [Function],
  "findByRole": [Function],
  "findByTestId": [Function],
  "findByText": [Function],
  "findByTitle": [Function],
  "getAllByAltText": [Function],
  "getAllByDisplayValue": [Function],
  "getAllByLabelText": [Function],
  "getAllByPlaceholderText": [Function],
  "getAllByRole": [Function],
  "getAllByTestId": [Function],
  "getAllByText": [Function],
  "getAllByTitle": [Function],
  "getByAltText": [Function],
  "getByDisplayValue": [Function],
  "getByLabelText": [Function],
  "getByPlaceholderText": [Function],
  "getByRole": [Function],
  "getByTestId": [Function],
  "getByText": [Function],
  "getByTitle": [Function],
  "queryAllByAltText": [Function],
  "queryAllByDisplayValue": [Function],
  "queryAllByLabelText": [Function],
  "queryAllByPlaceholderText": [Function],
  "queryAllByRole": [Function],
  "queryAllByTestId": [Function],
  "queryAllByText": [Function],
  "queryAllByTitle": [Function],
  "queryByAltText": [Function],
  "queryByDisplayValue": [Function],
  "queryByLabelText": [Function],
  "queryByPlaceholderText": [Function],
  "queryByRole": [Function],
  "queryByTestId": [Function],
  "queryByText": [Function],
  "queryByTitle": [Function],
  "rerender": [Function],
  "unmount": [Function],
}
`;
