// Jest Snapshot v1, https://goo.gl/fbAQLP

exports[`Test the Add Test  TestControls 1`] = `
Object {
  "asFragment": [Function],
  "baseElement": <body>
    <div />
    <div>
      <div
        class="test__controls"
      >
        <div
          class="test__controls__cont"
        >
          <button
            class="test__control-button test__control-button--rotate test__control-button--hidden btn"
            type="button"
          >
            <svg
              class="test__control-button-icon"
            >
              menu.svg
            </svg>
          </button>
          <a
            href="/portal/preview-add-test"
            target="_blank"
          >
            <svg
              class="test__control-button-icon"
            >
              playTest.svg
            </svg>
          </a>
        </div>
        <button
          class="test__control-end-task btn mx-auto"
          type="button"
        >
          Add Questions
        </button>
        <div
          class="add-test__control-wrapper"
        >
          <button
            class="add-test__add-button"
          >
            <svg
              class="add-test__add-button-icon"
            >
              plus.svg
            </svg>
          </button>
        </div>
      </div>
    </div>
  </body>,
  "container": <div>
    <div
      class="test__controls"
    >
      <div
        class="test__controls__cont"
      >
        <button
          class="test__control-button test__control-button--rotate test__control-button--hidden btn"
          type="button"
        >
          <svg
            class="test__control-button-icon"
          >
            menu.svg
          </svg>
        </button>
        <a
          href="/portal/preview-add-test"
          target="_blank"
        >
          <svg
            class="test__control-button-icon"
          >
            playTest.svg
          </svg>
        </a>
      </div>
      <button
        class="test__control-end-task btn mx-auto"
        type="button"
      >
        Add Questions
      </button>
      <div
        class="add-test__control-wrapper"
      >
        <button
          class="add-test__add-button"
        >
          <svg
            class="add-test__add-button-icon"
          >
            plus.svg
          </svg>
        </button>
      </div>
    </div>
  </div>,
  "debug": [Function],
  "findAllByAltText": [Function],
  "findAllByDisplayValue": [Function],
  "findAllByLabelText": [Function],
  "findAllByPlaceholderText": [Function],
  "findAllByRole": [Function],
  "findAllByTestId": [Function],
  "findAllByText": [Function],
  "findAllByTitle": [Function],
  "findByAltText": [Function],
  "findByDisplayValue": [Function],
  "findByLabelText": [Function],
  "findByPlaceholderText": [Function],
  "findByRole": [Function],
  "findByTestId": [Function],
  "findByText": [Function],
  "findByTitle": [Function],
  "getAllByAltText": [Function],
  "getAllByDisplayValue": [Function],
  "getAllByLabelText": [Function],
  "getAllByPlaceholderText": [Function],
  "getAllByRole": [Function],
  "getAllByTestId": [Function],
  "getAllByText": [Function],
  "getAllByTitle": [Function],
  "getByAltText": [Function],
  "getByDisplayValue": [Function],
  "getByLabelText": [Function],
  "getByPlaceholderText": [Function],
  "getByRole": [Function],
  "getByTestId": [Function],
  "getByText": [Function],
  "getByTitle": [Function],
  "queryAllByAltText": [Function],
  "queryAllByDisplayValue": [Function],
  "queryAllByLabelText": [Function],
  "queryAllByPlaceholderText": [Function],
  "queryAllByRole": [Function],
  "queryAllByTestId": [Function],
  "queryAllByText": [Function],
  "queryAllByTitle": [Function],
  "queryByAltText": [Function],
  "queryByDisplayValue": [Function],
  "queryByLabelText": [Function],
  "queryByPlaceholderText": [Function],
  "queryByRole": [Function],
  "queryByTestId": [Function],
  "queryByText": [Function],
  "queryByTitle": [Function],
  "rerender": [Function],
  "unmount": [Function],
}
`;
